[debug] [2026-05-21T22:06:16.694Z] ----------------------------------------------------------------------
[debug] [2026-05-21T22:06:16.700Z] Command:       C:\nvm4w\nodejs\node.exe C:\nvm4w\nodejs\node_modules\firebase-tools\lib\bin\firebase.js init
[debug] [2026-05-21T22:06:16.701Z] CLI Version:   15.5.1
[debug] [2026-05-21T22:06:16.701Z] Platform:      win32
[debug] [2026-05-21T22:06:16.701Z] Node Version:  v24.11.0
[debug] [2026-05-21T22:06:16.701Z] Time:          Thu May 21 2026 16:06:16 GMT-0600 (hora estándar central)
[debug] [2026-05-21T22:06:16.702Z] ----------------------------------------------------------------------
[debug] 
[debug] [2026-05-21T22:06:16.708Z] >>> [apiv2][query] GET https://firebase-public.firebaseio.com/cli.json [none]
[info] 
     ######## #### ########  ######## ########     ###     ######  ########
     ##        ##  ##     ## ##       ##     ##  ##   ##  ##       ##
     ######    ##  ########  ######   ########  #########  ######  ######
     ##        ##  ##    ##  ##       ##     ## ##     ##       ## ##
     ##       #### ##     ## ######## ########  ##     ##  ######  ########

You're about to initialize a Firebase project in this directory:

  C:\pediatrify

Before we get started, keep in mind:

  * You are currently outside your home directory

[debug] [2026-05-21T22:13:58.287Z] <<< [apiv2][status] GET https://firebase-public.firebaseio.com/cli.json 200
[debug] [2026-05-21T22:13:58.288Z] <<< [apiv2][body] GET https://firebase-public.firebaseio.com/cli.json {"cloudBuildErrorAfter":1594252800000,"cloudBuildWarnAfter":1590019200000,"defaultNode10After":1594252800000,"minVersion":"3.0.5","node8DeploysDisabledAfter":1613390400000,"node8RuntimeDisabledAfter":1615809600000,"node8WarnAfter":1600128000000}
[info] 
=== Project Setup
[info] 
[info] First, let's associate this project directory with a Firebase project.
[info] You can create multiple project aliases by running firebase use --add, 
[info] 
[debug] [2026-05-21T22:15:51.148Z] > command requires scopes: ["email","openid","https://www.googleapis.com/auth/cloudplatformprojects.readonly","https://www.googleapis.com/auth/firebase","https://www.googleapis.com/auth/cloud-platform"]
[debug] [2026-05-21T22:15:51.148Z] > authorizing via signed-in user (ramoon1508@gmail.com)
[debug] [2026-05-21T22:15:51.150Z] Checked if tokens are valid: false, expires at: 1775592766966
[debug] [2026-05-21T22:15:51.150Z] Checked if tokens are valid: false, expires at: 1775592766966
[debug] [2026-05-21T22:15:51.150Z] > refreshing access token with scopes: []
[debug] [2026-05-21T22:15:51.152Z] >>> [apiv2][query] POST https://www.googleapis.com/oauth2/v3/token [none]
[debug] [2026-05-21T22:15:51.152Z] >>> [apiv2][body] POST https://www.googleapis.com/oauth2/v3/token [omitted]
[debug] [2026-05-21T22:15:51.345Z] <<< [apiv2][status] POST https://www.googleapis.com/oauth2/v3/token 200
[debug] [2026-05-21T22:15:51.345Z] <<< [apiv2][body] POST https://www.googleapis.com/oauth2/v3/token [omitted]
[debug] [2026-05-21T22:15:51.379Z] >>> [apiv2][query] GET https://firebase.googleapis.com/v1beta1/projects pageSize=100
[debug] [2026-05-21T22:15:51.943Z] <<< [apiv2][status] GET https://firebase.googleapis.com/v1beta1/projects 200
[debug] [2026-05-21T22:15:51.943Z] <<< [apiv2][body] GET https://firebase.googleapis.com/v1beta1/projects [omitted]
[info] 
=== Firestore Setup
[info] i  firestore: ensuring required API firestore.googleapis.com is enabled... 
[debug] [2026-05-21T22:15:56.515Z] Checked if tokens are valid: true, expires at: 1779405350345
[debug] [2026-05-21T22:15:56.515Z] Checked if tokens are valid: true, expires at: 1779405350345
[debug] [2026-05-21T22:15:56.516Z] >>> [apiv2][query] GET https://serviceusage.googleapis.com/v1/projects/lilcare-afdf5/services/firestore.googleapis.com [none]
[debug] [2026-05-21T22:15:56.516Z] >>> [apiv2][(partial)header] GET https://serviceusage.googleapis.com/v1/projects/lilcare-afdf5/services/firestore.googleapis.com  x-goog-user-project=lilcare-afdf5
[debug] [2026-05-21T22:15:57.054Z] <<< [apiv2][status] GET https://serviceusage.googleapis.com/v1/projects/lilcare-afdf5/services/firestore.googleapis.com 200
[debug] [2026-05-21T22:15:57.055Z] <<< [apiv2][body] GET https://serviceusage.googleapis.com/v1/projects/lilcare-afdf5/services/firestore.googleapis.com [omitted]
[info] +  firestore: required API firestore.googleapis.com is enabled 
[debug] [2026-05-21T22:15:57.063Z] Checked if tokens are valid: true, expires at: 1779405350345
[debug] [2026-05-21T22:15:57.063Z] Checked if tokens are valid: true, expires at: 1779405350345
[debug] [2026-05-21T22:15:57.064Z] >>> [apiv2][query] GET https://firestore.googleapis.com/v1/projects/lilcare-afdf5/databases [none]
[debug] [2026-05-21T22:15:57.586Z] <<< [apiv2][status] GET https://firestore.googleapis.com/v1/projects/lilcare-afdf5/databases 200
[debug] [2026-05-21T22:15:57.586Z] <<< [apiv2][body] GET https://firestore.googleapis.com/v1/projects/lilcare-afdf5/databases {"databases":[{"name":"projects/lilcare-afdf5/databases/(default)","uid":"07002d98-fd44-472f-93fb-3ddda5ba86a5","createTime":"2026-05-21T23:01:58.422609Z","updateTime":"2026-05-21T23:01:58.422609Z","locationId":"nam5","type":"FIRESTORE_NATIVE","concurrencyMode":"PESSIMISTIC","versionRetentionPeriod":"3600s","earliestVersionTime":"2026-05-21T23:01:58.422609Z","appEngineIntegrationMode":"DISABLED","keyPrefix":"s","pointInTimeRecoveryEnablement":"POINT_IN_TIME_RECOVERY_DISABLED","deleteProtectionState":"DELETE_PROTECTION_DISABLED","databaseEdition":"STANDARD","freeTier":true,"realtimeUpdatesMode":"REALTIME_UPDATES_MODE_ENABLED","etag":"IPjEmLzBy5QDML62z7O+y5QD"}]}
[info] 
[info] Firestore Security Rules allow you to define how and when to allow
[info] requests. You can keep these rules in your project directory
[info] and publish them with firebase deploy.
[info] 
[debug] [2026-05-21T22:16:23.161Z] Checked if tokens are valid: true, expires at: 1779405350345
[debug] [2026-05-21T22:16:23.161Z] Checked if tokens are valid: true, expires at: 1779405350345
[debug] [2026-05-21T22:16:23.162Z] >>> [apiv2][query] GET https://firebaserules.googleapis.com/v1/projects/lilcare-afdf5/releases pageSize=10&pageToken=
[debug] [2026-05-21T22:16:23.443Z] <<< [apiv2][status] GET https://firebaserules.googleapis.com/v1/projects/lilcare-afdf5/releases 200
[debug] [2026-05-21T22:16:23.443Z] <<< [apiv2][body] GET https://firebaserules.googleapis.com/v1/projects/lilcare-afdf5/releases {"releases":[{"name":"projects/lilcare-afdf5/releases/cloud.firestore","rulesetName":"projects/lilcare-afdf5/rulesets/1013d792-50ee-41b9-baeb-b1b858900f4d","createTime":"2026-05-21T23:01:59.437744Z","updateTime":"2026-05-21T23:01:59.437744Z"},{"name":"projects/lilcare-afdf5/releases/firebase.storage/lilcare-afdf5.firebasestorage.app","rulesetName":"projects/lilcare-afdf5/rulesets/9f0abe63-ee35-4de8-ac43-f77df5294dbf","createTime":"2026-05-21T23:04:27.919926Z","updateTime":"2026-05-21T23:04:27.919926Z"}]}
[debug] [2026-05-21T22:16:23.443Z] Checked if tokens are valid: true, expires at: 1779405350345
[debug] [2026-05-21T22:16:23.444Z] Checked if tokens are valid: true, expires at: 1779405350345
[debug] [2026-05-21T22:16:23.444Z] >>> [apiv2][query] GET https://firebaserules.googleapis.com/v1/projects/lilcare-afdf5/rulesets/1013d792-50ee-41b9-baeb-b1b858900f4d [none]
[debug] [2026-05-21T22:16:23.556Z] <<< [apiv2][status] GET https://firebaserules.googleapis.com/v1/projects/lilcare-afdf5/rulesets/1013d792-50ee-41b9-baeb-b1b858900f4d 200
[debug] [2026-05-21T22:16:23.557Z] <<< [apiv2][body] GET https://firebaserules.googleapis.com/v1/projects/lilcare-afdf5/rulesets/1013d792-50ee-41b9-baeb-b1b858900f4d [omitted]
[info] i  Downloaded the existing Firestore Security Rules from the Firebase console 
[info] 
[info] Firestore indexes allow you to perform complex queries while
[info] maintaining performance that scales with the size of the result
[info] set. You can keep index definitions in your project directory
[info] and publish them with firebase deploy.
[info] 
[debug] [2026-05-21T22:16:29.186Z] Checked if tokens are valid: true, expires at: 1779405350345
[debug] [2026-05-21T22:16:29.186Z] Checked if tokens are valid: true, expires at: 1779405350345
[debug] [2026-05-21T22:16:29.186Z] Checked if tokens are valid: true, expires at: 1779405350345
[debug] [2026-05-21T22:16:29.187Z] Checked if tokens are valid: true, expires at: 1779405350345
[debug] [2026-05-21T22:16:29.187Z] >>> [apiv2][query] GET https://firestore.googleapis.com/v1/projects/lilcare-afdf5/databases/(default)/collectionGroups/-/indexes [none]
[debug] [2026-05-21T22:16:29.191Z] >>> [apiv2][query] GET https://firestore.googleapis.com/v1/projects/lilcare-afdf5/databases/(default)/collectionGroups/-/fields?filter=indexConfig.usesAncestorConfig=false OR ttlConfig:* [none]
[debug] [2026-05-21T22:16:29.679Z] <<< [apiv2][status] GET https://firestore.googleapis.com/v1/projects/lilcare-afdf5/databases/(default)/collectionGroups/-/indexes 200
[debug] [2026-05-21T22:16:29.679Z] <<< [apiv2][body] GET https://firestore.googleapis.com/v1/projects/lilcare-afdf5/databases/(default)/collectionGroups/-/indexes {}
[debug] [2026-05-21T22:16:29.815Z] <<< [apiv2][status] GET https://firestore.googleapis.com/v1/projects/lilcare-afdf5/databases/(default)/collectionGroups/-/fields?filter=indexConfig.usesAncestorConfig=false OR ttlConfig:* 200
[debug] [2026-05-21T22:16:29.815Z] <<< [apiv2][body] GET https://firestore.googleapis.com/v1/projects/lilcare-afdf5/databases/(default)/collectionGroups/-/fields?filter=indexConfig.usesAncestorConfig=false OR ttlConfig:* {"fields":[{"name":"projects/lilcare-afdf5/databases/(default)/collectionGroups/__default__/fields/*","indexConfig":{"indexes":[{"queryScope":"COLLECTION","fields":[{"fieldPath":"*","order":"ASCENDING"}],"state":"READY"},{"queryScope":"COLLECTION","fields":[{"fieldPath":"*","order":"DESCENDING"}],"state":"READY"},{"queryScope":"COLLECTION","fields":[{"fieldPath":"*","arrayConfig":"CONTAINS"}],"state":"READY"}]}}]}
[info] i  Downloaded the existing Firestore indexes from the Firebase console 
[info] +  Wrote firestore.rules 
[info] +  Wrote firestore.indexes.json 
[info] 
=== Hosting Setup
[debug] [2026-05-21T22:16:29.829Z] Checked if tokens are valid: true, expires at: 1779405350345
[debug] [2026-05-21T22:16:29.830Z] Checked if tokens are valid: true, expires at: 1779405350345
[debug] [2026-05-21T22:16:29.830Z] >>> [apiv2][query] GET https://firebase.googleapis.com/v1beta1/projects/lilcare-afdf5 [none]
[debug] [2026-05-21T22:16:30.132Z] <<< [apiv2][status] GET https://firebase.googleapis.com/v1beta1/projects/lilcare-afdf5 200
[debug] [2026-05-21T22:16:30.132Z] <<< [apiv2][body] GET https://firebase.googleapis.com/v1beta1/projects/lilcare-afdf5 {"projectId":"lilcare-afdf5","projectNumber":"264040940832","displayName":"Lilcare","name":"projects/lilcare-afdf5","resources":{"hostingSite":"lilcare-afdf5"},"state":"ACTIVE","etag":"1_467e78a2-4128-4862-81a3-b7d8f732bd33"}
[info] 
[info] i  Detected a .git folder at C:\pediatrify 
[info] i  Authorizing with GitHub to upload your service account to a GitHub repository's secrets store. 
[info] 
[info] Visit this URL on this device to log in:
[info] https://github.com/login/oauth/authorize?client_id=89cf50f02ac6aaed3484&state=738064447&redirect_uri=http%3A%2F%2Flocalhost%3A9005&scope=read%3Auser%20repo%20public_repo
[info] 
[info] Waiting for authentication...
[debug] [2026-05-21T23:27:42.860Z] >>> [apiv2][query] POST https://github.com/login/oauth/access_token [none]
[debug] [2026-05-21T23:27:42.860Z] >>> [apiv2][body] POST https://github.com/login/oauth/access_token [stream]
[debug] [2026-05-21T23:27:43.261Z] <<< [apiv2][status] POST https://github.com/login/oauth/access_token 200
[debug] [2026-05-21T23:27:43.261Z] <<< [apiv2][body] POST https://github.com/login/oauth/access_token {"access_token":"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","token_type":"bearer","scope":"read:user,repo"}
[debug] [2026-05-21T23:27:43.297Z] >>> [apiv2][query] GET https://api.github.com/user [none]
[debug] [2026-05-21T23:27:43.617Z] <<< [apiv2][status] GET https://api.github.com/user 200
[debug] [2026-05-21T23:27:43.618Z] <<< [apiv2][body] GET https://api.github.com/user {"login":"Ramon1508","id":25521836,"node_id":"MDQ6VXNlcjI1NTIxODM2","avatar_url":"https://avatars.githubusercontent.com/u/25521836?v=4","gravatar_id":"","url":"https://api.github.com/users/Ramon1508","html_url":"https://github.com/Ramon1508","followers_url":"https://api.github.com/users/Ramon1508/followers","following_url":"https://api.github.com/users/Ramon1508/following{/other_user}","gists_url":"https://api.github.com/users/Ramon1508/gists{/gist_id}","starred_url":"https://api.github.com/users/Ramon1508/starred{/owner}{/repo}","subscriptions_url":"https://api.github.com/users/Ramon1508/subscriptions","organizations_url":"https://api.github.com/users/Ramon1508/orgs","repos_url":"https://api.github.com/users/Ramon1508/repos","events_url":"https://api.github.com/users/Ramon1508/events{/privacy}","received_events_url":"https://api.github.com/users/Ramon1508/received_events","type":"User","user_view_type":"private","site_admin":false,"name":"José Ramón Valenzuela Luna","company":null,"blog":"","location":null,"email":"valenzuela_luna@hotmail.com","hireable":true,"bio":null,"twitter_username":null,"notification_email":"valenzuela_luna@hotmail.com","public_repos":17,"public_gists":0,"followers":4,"following":5,"created_at":"2017-02-03T04:47:28Z","updated_at":"2026-05-14T18:54:38Z","private_gists":0,"total_private_repos":21,"owned_private_repos":21,"disk_usage":1092989,"collaborators":10,"two_factor_authentication":false,"plan":{"name":"free","space":976562499,"collaborators":0,"private_repos":10000}}
[info] 
[info] +  Success! Logged into GitHub as Ramon1508 
[info] 
[debug] [2026-05-21T23:28:11.748Z] >>> [apiv2][query] GET https://api.github.com/repos/master/actions/secrets/public-key type=owner
[debug] [2026-05-21T23:28:11.958Z] <<< [apiv2][status] GET https://api.github.com/repos/master/actions/secrets/public-key 404
[debug] [2026-05-21T23:28:11.959Z] <<< [apiv2][body] GET https://api.github.com/repos/master/actions/secrets/public-key {"message":"Not Found","documentation_url":"https://docs.github.com/rest","status":"404"}
[info] 
[info] 
[error] !  The provided authorization cannot be used with this repository. If this repository is in an organization, did you remember to grant access? 
[info] 
[info] i  Action required: Visit this URL to ensure access has been granted to the appropriate organization(s) for the Firebase CLI GitHub OAuth App: 
[info] https://github.com/settings/connections/applications/89cf50f02ac6aaed3484
[info] 
[debug] [2026-05-21T23:31:07.556Z] >>> [apiv2][query] GET https://api.github.com/repos/no/actions/secrets/public-key type=owner
[debug] [2026-05-21T23:31:07.775Z] <<< [apiv2][status] GET https://api.github.com/repos/no/actions/secrets/public-key 404
[debug] [2026-05-21T23:31:07.775Z] <<< [apiv2][body] GET https://api.github.com/repos/no/actions/secrets/public-key {"message":"Not Found","documentation_url":"https://docs.github.com/rest","status":"404"}
[info] 
[info] 
[error] !  The provided authorization cannot be used with this repository. If this repository is in an organization, did you remember to grant access? 
[info] 
[info] i  Action required: Visit this URL to ensure access has been granted to the appropriate organization(s) for the Firebase CLI GitHub OAuth App: 
[info] https://github.com/settings/connections/applications/89cf50f02ac6aaed3484
[info] 
[debug] [2026-05-22T00:12:29.564Z] ExitPromptError: User force closed the prompt with SIGINT
    at Interface.sigint (C:\Users\valen\AppData\Local\nvm\v24.11.0\node_modules\firebase-tools\node_modules\@inquirer\core\dist\commonjs\lib\create-prompt.js:101:37)
    at Interface.emit (node:events:508:28)
    at [_ttyWrite] [as _ttyWrite] (node:internal/readline/interface:1317:18)
    at ReadStream.onkeypress (node:internal/readline/interface:284:20)
    at ReadStream.emit (node:events:520:35)
    at emitKeys (node:internal/readline/utils:371:14)
    at emitKeys.next (<anonymous>)
    at ReadStream.onData (node:internal/readline/emitKeypressEvents:64:36)
    at ReadStream.emit (node:events:508:28)
    at addChunk (node:internal/streams/readable:559:12)
[error] 
[error] Error: An unexpected error has occurred.
